// Vitest Snapshot v1, https://vitest.dev/guide/snapshot.html

exports[`SummaryPage production behaviors > snapshot: jsPDF text calls match expected structure 1`] = `
[
  [
    "PARAGRAPH SUMMARY",
    56,
    59,
  ],
  [
    "AI Basics",
    48,
    92,
  ],
  [
    "Source: YouTube · Generated: 01.01.2025",
    48,
    119,
  ],
  [
    [
      "AI",
    ],
    53,
    147,
    {
      "maxWidth": 239.5,
    },
  ],
  [
    [
      "ML",
    ],
    302.5,
    147,
    {
      "maxWidth": 239.5,
    },
  ],
  [
    "1",
    59,
    194,
    {
      "align": "center",
    },
  ],
  [
    [
      "Overview",
    ],
    80,
    194,
    {
      "maxWidth": 467,
    },
  ],
  [
    [
      "Neural networks learn patterns from data.",
    ],
    64,
    225,
    {
      "lineHeightFactor": 1.7,
      "maxWidth": 471,
    },
  ],
  [
    "Lectura · Page 1 of 1",
    297.5,
    812,
    {
      "align": "center",
    },
  ],
]
`;
